[0.095s] DEBUG:colcon:Command line arguments: ['/usr/bin/colcon', 'build']
[0.096s] DEBUG:colcon:Parsed command line arguments: Namespace(log_base=None, log_level=None, verb_name='build', build_base='build', install_base='install', merge_install=False, symlink_install=False, test_result_base=None, continue_on_error=False, executor='parallel', parallel_workers=20, event_handlers=None, ignore_user_meta=False, metas=['./colcon.meta'], base_paths=['.'], packages_ignore=None, packages_ignore_regex=None, paths=None, packages_up_to=None, packages_up_to_regex=None, packages_above=None, packages_above_and_dependencies=None, packages_above_depth=None, packages_select_by_dep=None, packages_skip_by_dep=None, packages_skip_up_to=None, packages_select_build_failed=False, packages_skip_build_finished=False, packages_select_test_failures=False, packages_skip_test_passed=False, packages_select=None, packages_skip=None, packages_select_regex=None, packages_skip_regex=None, packages_start=None, packages_end=None, cmake_args=None, cmake_target=None, cmake_target_skip_unavailable=False, cmake_clean_cache=False, cmake_clean_first=False, cmake_force_configure=False, ament_cmake_args=None, catkin_cmake_args=None, catkin_skip_building_tests=False, mixin_files=None, mixin=None, verb_parser=<colcon_mixin.mixin.mixin_argument.MixinArgumentDecorator object at 0x72a2fb58ddc0>, verb_extension=<colcon_core.verb.build.BuildVerb object at 0x72a2fb58daf0>, main=<bound method BuildVerb.main of <colcon_core.verb.build.BuildVerb object at 0x72a2fb58daf0>>, mixin_verb=('build',))
[0.144s] Level 1:colcon.colcon_core.package_discovery:discover_packages(colcon_meta) check parameters
[0.145s] INFO:colcon.colcon_metadata.package_discovery.colcon_meta:Using configuration from '/root/.colcon/metadata/default/Gazebo.meta'
[0.145s] INFO:colcon.colcon_metadata.package_discovery.colcon_meta:Using configuration from '/root/.colcon/metadata/default/fastdds.meta'
[0.146s] INFO:colcon.colcon_metadata.package_discovery.colcon_meta:Using configuration from '/root/.colcon/metadata/default/fastrtps.meta'
[0.146s] Level 1:colcon.colcon_core.package_discovery:discover_packages(recursive) check parameters
[0.146s] Level 1:colcon.colcon_core.package_discovery:discover_packages(ignore) check parameters
[0.146s] Level 1:colcon.colcon_core.package_discovery:discover_packages(path) check parameters
[0.146s] Level 1:colcon.colcon_core.package_discovery:discover_packages(colcon_meta) discover
[0.146s] Level 1:colcon.colcon_core.package_discovery:discover_packages(recursive) discover
[0.146s] INFO:colcon.colcon_core.package_discovery:Crawling recursively for packages in '/root/assignment1_rt'
[0.146s] Level 1:colcon.colcon_core.package_identification:_identify(.) by extensions ['ignore', 'ignore_ament_install']
[0.146s] Level 1:colcon.colcon_core.package_identification:_identify(.) by extension 'ignore'
[0.146s] Level 1:colcon.colcon_core.package_identification:_identify(.) by extension 'ignore_ament_install'
[0.146s] Level 1:colcon.colcon_core.package_identification:_identify(.) by extensions ['colcon_pkg']
[0.147s] Level 1:colcon.colcon_core.package_identification:_identify(.) by extension 'colcon_pkg'
[0.147s] Level 1:colcon.colcon_core.package_identification:_identify(.) by extensions ['colcon_meta']
[0.147s] Level 1:colcon.colcon_core.package_identification:_identify(.) by extension 'colcon_meta'
[0.147s] Level 1:colcon.colcon_core.package_identification:_identify(.) by extensions ['ros']
[0.147s] Level 1:colcon.colcon_core.package_identification:_identify(.) by extension 'ros'
[0.175s] DEBUG:colcon.colcon_core.package_identification:Package '.' with type 'ros.ament_cmake' and name 'assignment1_rt'
[0.175s] Level 1:colcon.colcon_core.package_discovery:discover_packages(recursive) using defaults
[0.175s] Level 1:colcon.colcon_core.package_discovery:discover_packages(ignore) discover
[0.175s] Level 1:colcon.colcon_core.package_discovery:discover_packages(ignore) using defaults
[0.175s] Level 1:colcon.colcon_core.package_discovery:discover_packages(path) discover
[0.175s] Level 1:colcon.colcon_core.package_discovery:discover_packages(path) using defaults
[0.192s] Level 5:colcon.colcon_core.verb:set package 'assignment1_rt' build argument 'cmake_args' from command line to 'None'
[0.192s] Level 5:colcon.colcon_core.verb:set package 'assignment1_rt' build argument 'cmake_target' from command line to 'None'
[0.192s] Level 5:colcon.colcon_core.verb:set package 'assignment1_rt' build argument 'cmake_target_skip_unavailable' from command line to 'False'
[0.192s] Level 5:colcon.colcon_core.verb:set package 'assignment1_rt' build argument 'cmake_clean_cache' from command line to 'False'
[0.192s] Level 5:colcon.colcon_core.verb:set package 'assignment1_rt' build argument 'cmake_clean_first' from command line to 'False'
[0.192s] Level 5:colcon.colcon_core.verb:set package 'assignment1_rt' build argument 'cmake_force_configure' from command line to 'False'
[0.192s] Level 5:colcon.colcon_core.verb:set package 'assignment1_rt' build argument 'ament_cmake_args' from command line to 'None'
[0.192s] Level 5:colcon.colcon_core.verb:set package 'assignment1_rt' build argument 'catkin_cmake_args' from command line to 'None'
[0.192s] Level 5:colcon.colcon_core.verb:set package 'assignment1_rt' build argument 'catkin_skip_building_tests' from command line to 'False'
[0.192s] DEBUG:colcon.colcon_core.verb:Building package 'assignment1_rt' with the following arguments: {'ament_cmake_args': None, 'build_base': '/root/assignment1_rt/build/assignment1_rt', 'catkin_cmake_args': None, 'catkin_skip_building_tests': False, 'cmake_args': None, 'cmake_clean_cache': False, 'cmake_clean_first': False, 'cmake_force_configure': False, 'cmake_target': None, 'cmake_target_skip_unavailable': False, 'install_base': '/root/assignment1_rt/install/assignment1_rt', 'merge_install': False, 'path': '/root/assignment1_rt', 'symlink_install': False, 'test_result_base': None}
[0.193s] INFO:colcon.colcon_core.executor:Executing jobs using 'parallel' executor
[0.193s] DEBUG:colcon.colcon_parallel_executor.executor.parallel:run_until_complete
[0.194s] INFO:colcon.colcon_ros.task.ament_cmake.build:Building ROS package in '/root/assignment1_rt' with build type 'ament_cmake'
[0.194s] INFO:colcon.colcon_cmake.task.cmake.build:Building CMake package in '/root/assignment1_rt'
[0.196s] INFO:colcon.colcon_core.plugin_system:Skipping extension 'colcon_core.shell.bat': Not used on non-Windows systems
[0.196s] INFO:colcon.colcon_core.shell:Skip shell extension 'powershell' for command environment: Not usable outside of PowerShell
[0.196s] DEBUG:colcon.colcon_core.shell:Skip shell extension 'dsv' for command environment
[0.208s] DEBUG:colcon.colcon_core.event_handler.log_command:Invoking command in '/root/assignment1_rt/build/assignment1_rt': CMAKE_PREFIX_PATH=${CMAKE_PREFIX_PATH}:/opt/ros/jazzy /usr/bin/cmake --build /root/assignment1_rt/build/assignment1_rt -- -j20 -l20
[0.566s] DEBUG:colcon.colcon_core.event_handler.log_command:Invoked command in '/root/assignment1_rt/build/assignment1_rt' returned '0': CMAKE_PREFIX_PATH=${CMAKE_PREFIX_PATH}:/opt/ros/jazzy /usr/bin/cmake --build /root/assignment1_rt/build/assignment1_rt -- -j20 -l20
[0.577s] DEBUG:colcon.colcon_core.event_handler.log_command:Invoking command in '/root/assignment1_rt/build/assignment1_rt': CMAKE_PREFIX_PATH=${CMAKE_PREFIX_PATH}:/opt/ros/jazzy /usr/bin/cmake --install /root/assignment1_rt/build/assignment1_rt
[0.636s] Level 1:colcon.colcon_core.environment:create_environment_scripts_only(assignment1_rt)
[0.637s] DEBUG:colcon.colcon_core.event_handler.log_command:Invoked command in '/root/assignment1_rt/build/assignment1_rt' returned '0': CMAKE_PREFIX_PATH=${CMAKE_PREFIX_PATH}:/opt/ros/jazzy /usr/bin/cmake --install /root/assignment1_rt/build/assignment1_rt
[0.638s] Level 1:colcon.colcon_core.environment:checking '/root/assignment1_rt/install/assignment1_rt' for CMake module files
[0.639s] Level 1:colcon.colcon_core.environment:checking '/root/assignment1_rt/install/assignment1_rt' for CMake config files
[0.639s] Level 1:colcon.colcon_core.shell:create_environment_hook('assignment1_rt', 'cmake_prefix_path')
[0.639s] INFO:colcon.colcon_core.shell:Creating environment hook '/root/assignment1_rt/install/assignment1_rt/share/assignment1_rt/hook/cmake_prefix_path.ps1'
[0.640s] INFO:colcon.colcon_core.shell:Creating environment descriptor '/root/assignment1_rt/install/assignment1_rt/share/assignment1_rt/hook/cmake_prefix_path.dsv'
[0.640s] INFO:colcon.colcon_core.shell:Creating environment hook '/root/assignment1_rt/install/assignment1_rt/share/assignment1_rt/hook/cmake_prefix_path.sh'
[0.641s] Level 1:colcon.colcon_core.environment:checking '/root/assignment1_rt/install/assignment1_rt/lib'
[0.641s] Level 1:colcon.colcon_core.environment:checking '/root/assignment1_rt/install/assignment1_rt/bin'
[0.641s] Level 1:colcon.colcon_core.environment:checking '/root/assignment1_rt/install/assignment1_rt/lib/pkgconfig/assignment1_rt.pc'
[0.643s] Level 1:colcon.colcon_core.environment:checking '/root/assignment1_rt/install/assignment1_rt/lib/python3.12/site-packages'
[0.643s] Level 1:colcon.colcon_core.shell:create_environment_hook('assignment1_rt', 'pythonpath')
[0.643s] INFO:colcon.colcon_core.shell:Creating environment hook '/root/assignment1_rt/install/assignment1_rt/share/assignment1_rt/hook/pythonpath.ps1'
[0.644s] INFO:colcon.colcon_core.shell:Creating environment descriptor '/root/assignment1_rt/install/assignment1_rt/share/assignment1_rt/hook/pythonpath.dsv'
[0.644s] INFO:colcon.colcon_core.shell:Creating environment hook '/root/assignment1_rt/install/assignment1_rt/share/assignment1_rt/hook/pythonpath.sh'
[0.645s] Level 1:colcon.colcon_core.environment:checking '/root/assignment1_rt/install/assignment1_rt/bin'
[0.645s] INFO:colcon.colcon_core.shell:Creating package script '/root/assignment1_rt/install/assignment1_rt/share/assignment1_rt/package.ps1'
[0.646s] INFO:colcon.colcon_core.shell:Creating package descriptor '/root/assignment1_rt/install/assignment1_rt/share/assignment1_rt/package.dsv'
[0.646s] INFO:colcon.colcon_core.shell:Creating package script '/root/assignment1_rt/install/assignment1_rt/share/assignment1_rt/package.sh'
[0.647s] INFO:colcon.colcon_core.shell:Creating package script '/root/assignment1_rt/install/assignment1_rt/share/assignment1_rt/package.bash'
[0.648s] INFO:colcon.colcon_core.shell:Creating package script '/root/assignment1_rt/install/assignment1_rt/share/assignment1_rt/package.zsh'
[0.648s] Level 1:colcon.colcon_core.environment:create_file_with_runtime_dependencies(/root/assignment1_rt/install/assignment1_rt/share/colcon-core/packages/assignment1_rt)
[0.649s] Level 1:colcon.colcon_core.environment:create_environment_scripts_only(assignment1_rt)
[0.649s] Level 1:colcon.colcon_core.environment:checking '/root/assignment1_rt/install/assignment1_rt' for CMake module files
[0.649s] Level 1:colcon.colcon_core.environment:checking '/root/assignment1_rt/install/assignment1_rt' for CMake config files
[0.649s] Level 1:colcon.colcon_core.shell:create_environment_hook('assignment1_rt', 'cmake_prefix_path')
[0.649s] INFO:colcon.colcon_core.shell:Creating environment hook '/root/assignment1_rt/install/assignment1_rt/share/assignment1_rt/hook/cmake_prefix_path.ps1'
[0.650s] INFO:colcon.colcon_core.shell:Creating environment descriptor '/root/assignment1_rt/install/assignment1_rt/share/assignment1_rt/hook/cmake_prefix_path.dsv'
[0.650s] INFO:colcon.colcon_core.shell:Creating environment hook '/root/assignment1_rt/install/assignment1_rt/share/assignment1_rt/hook/cmake_prefix_path.sh'
[0.651s] Level 1:colcon.colcon_core.environment:checking '/root/assignment1_rt/install/assignment1_rt/lib'
[0.651s] Level 1:colcon.colcon_core.environment:checking '/root/assignment1_rt/install/assignment1_rt/bin'
[0.651s] Level 1:colcon.colcon_core.environment:checking '/root/assignment1_rt/install/assignment1_rt/lib/pkgconfig/assignment1_rt.pc'
[0.651s] Level 1:colcon.colcon_core.environment:checking '/root/assignment1_rt/install/assignment1_rt/lib/python3.12/site-packages'
[0.651s] Level 1:colcon.colcon_core.shell:create_environment_hook('assignment1_rt', 'pythonpath')
[0.651s] INFO:colcon.colcon_core.shell:Creating environment hook '/root/assignment1_rt/install/assignment1_rt/share/assignment1_rt/hook/pythonpath.ps1'
[0.652s] INFO:colcon.colcon_core.shell:Creating environment descriptor '/root/assignment1_rt/install/assignment1_rt/share/assignment1_rt/hook/pythonpath.dsv'
[0.652s] INFO:colcon.colcon_core.shell:Creating environment hook '/root/assignment1_rt/install/assignment1_rt/share/assignment1_rt/hook/pythonpath.sh'
[0.653s] Level 1:colcon.colcon_core.environment:checking '/root/assignment1_rt/install/assignment1_rt/bin'
[0.653s] INFO:colcon.colcon_core.shell:Creating package script '/root/assignment1_rt/install/assignment1_rt/share/assignment1_rt/package.ps1'
[0.653s] INFO:colcon.colcon_core.shell:Creating package descriptor '/root/assignment1_rt/install/assignment1_rt/share/assignment1_rt/package.dsv'
[0.654s] INFO:colcon.colcon_core.shell:Creating package script '/root/assignment1_rt/install/assignment1_rt/share/assignment1_rt/package.sh'
[0.654s] INFO:colcon.colcon_core.shell:Creating package script '/root/assignment1_rt/install/assignment1_rt/share/assignment1_rt/package.bash'
[0.655s] INFO:colcon.colcon_core.shell:Creating package script '/root/assignment1_rt/install/assignment1_rt/share/assignment1_rt/package.zsh'
[0.655s] Level 1:colcon.colcon_core.environment:create_file_with_runtime_dependencies(/root/assignment1_rt/install/assignment1_rt/share/colcon-core/packages/assignment1_rt)
[0.655s] DEBUG:colcon.colcon_parallel_executor.executor.parallel:closing loop
[0.656s] DEBUG:colcon.colcon_parallel_executor.executor.parallel:loop closed
[0.656s] DEBUG:colcon.colcon_parallel_executor.executor.parallel:run_until_complete finished with '0'
[0.656s] DEBUG:colcon.colcon_core.event_reactor:joining thread
[0.661s] INFO:colcon.colcon_core.plugin_system:Skipping extension 'colcon_notification.desktop_notification.notify_send': Could not find 'notify-send'
[0.661s] INFO:colcon.colcon_core.plugin_system:Skipping extension 'colcon_notification.desktop_notification.terminal_notifier': Not used on non-Darwin systems
[0.662s] INFO:colcon.colcon_core.plugin_system:Skipping extension 'colcon_notification.desktop_notification.win32': Not used on non-Windows systems
[0.662s] INFO:colcon.colcon_notification.desktop_notification:Sending desktop notification using 'notify2'
[0.664s] DEBUG:colcon.colcon_notification.desktop_notification.notify2:Failed to initialize notify2: org.freedesktop.DBus.Error.Spawn.ExecFailed: /usr/bin/dbus-launch terminated abnormally without any error message
[0.664s] DEBUG:colcon.colcon_core.event_reactor:joined thread
[0.664s] INFO:colcon.colcon_core.shell:Creating prefix script '/root/assignment1_rt/install/local_setup.ps1'
[0.665s] INFO:colcon.colcon_core.shell:Creating prefix util module '/root/assignment1_rt/install/_local_setup_util_ps1.py'
[0.666s] INFO:colcon.colcon_core.shell:Creating prefix chain script '/root/assignment1_rt/install/setup.ps1'
[0.667s] INFO:colcon.colcon_core.shell:Creating prefix script '/root/assignment1_rt/install/local_setup.sh'
[0.667s] INFO:colcon.colcon_core.shell:Creating prefix util module '/root/assignment1_rt/install/_local_setup_util_sh.py'
[0.668s] INFO:colcon.colcon_core.shell:Creating prefix chain script '/root/assignment1_rt/install/setup.sh'
[0.669s] INFO:colcon.colcon_core.shell:Creating prefix script '/root/assignment1_rt/install/local_setup.bash'
[0.669s] INFO:colcon.colcon_core.shell:Creating prefix chain script '/root/assignment1_rt/install/setup.bash'
[0.670s] INFO:colcon.colcon_core.shell:Creating prefix script '/root/assignment1_rt/install/local_setup.zsh'
[0.670s] INFO:colcon.colcon_core.shell:Creating prefix chain script '/root/assignment1_rt/install/setup.zsh'
